
Xilinx First Stage Boot Loader
Release 2015.4  Mar 29 2018-17:25:31
Devcfg driver initialized
Silicon Version 3.1
Boot mode is NAND
InitNand: Geometry = 0x8
Nand driver initialized
NAND Init Done
Flash Base Address: 0xE1000000
Reboot status register: 0x60400000
Multiboot Register: 0x0000C000
Image Start Address: 0x00000000
Partition Header Offset:0x00000C80
Partition Count: 3
Partition Number: 1
Header Dump
Image Word Len: 0x0007F2E8
Data Word Len: 0x0007F2E8
Partition Word Len:0x0007F2E8
Load Addr: 0x00000000
Exec Addr: 0x00000000
Partition Start: 0x000075D0
Partition Attr: 0x00000020
Partition Checksum Offset: 0x00000000
Section Count: 0x00000001
Checksum: 0xFFE7AF06
Bitstream
In FsblHookBeforeBitstreamDload function
PCAP:StatusReg = 0x40000A30
PCAP:device ready
PCAP:Clear done
Level Shifter Value = 0xA
Devcfg Status register = 0x40000A30
PCAP:Fabric is Initialized done
PCAP register dump:
PCAP CTRL 0xF8007000: 0x4C00E07F
PCAP LOCK 0xF8007004: 0x0000001A
PCAP CONFIG 0xF8007008: 0x00000508
PCAP ISR 0xF800700C: 0x0802000B
PCAP IMR 0xF8007010: 0xFFFFFFFF
PCAP STATUS 0xF8007014: 0x50000F30
PCAP DMA SRC ADDR 0xF8007018: 0x00100001
PCAP DMA DEST ADDR 0xF800701C: 0xFFFFFFFF
PCAP DMA SRC LEN 0xF8007020: 0x0007F2E8
PCAP DMA DEST LEN 0xF8007024: 0x0007F2E8
PCAP ROM SHADOW CTRL 0xF8007028: 0xFFFFFFFF
PCAP MBOOT 0xF800702C: 0x0000C000
PCAP SW ID 0xF8007030: 0x00000000
PCAP UNLOCK 0xF8007034: 0x757BDF0D
PCAP MCTRL 0xF8007080: 0x30800100

DMA Done !

FPGA Done !
In FsblHookAfterBitstreamDload function
Partition Number: 2
Header Dump
Image Word Len: 0x00015B20
Data Word Len: 0x00015B20
Partition Word Len:0x00015B20
Load Addr: 0x04000000
Exec Addr: 0x04000000
Partition Start: 0x000868C0
Partition Attr: 0x00000010
Partition Checksum Offset: 0x00000000
Section Count: 0x00000001
Checksum: 0xF7F3836E
Application
Handoff Address: 0x04000000
In FsblHookBeforeHandoff function
SUCCESSFUL_HANDOFF
FSBL Status = 0x1


U-Boot 2014.01-gfb1d3e7-dirty (Mar 09 2018 - 19:36:04)

I2C:   ready
Write: cnt = 0x08000000, addr = 0x20000000, *addr = 0xf7ffffff
Write: cnt = 0x04000000, addr = 0x10000000, *addr = 0xfbffffff
Write: cnt = 0x02000000, addr = 0x08000000, *addr = 0xfdffffff
Write: cnt = 0x01000000, addr = 0x04000000, *addr = 0xfeffffff
Write: cnt = 0x00800000, addr = 0x02000000, *addr = 0xff7fffff
Write: cnt = 0x00400000, addr = 0x01000000, *addr = 0xffbfffff
Write: cnt = 0x00200000, addr = 0x00800000, *addr = 0xffdfffff
Write: cnt = 0x00100000, addr = 0x00400000, *addr = 0xffefffff
Write: cnt = 0x00080000, addr = 0x00200000, *addr = 0xfff7ffff
Write: cnt = 0x00040000, addr = 0x00100000, *addr = 0xfffbffff
Write: cnt = 0x00020000, addr = 0x00080000, *addr = 0xfffdffff
Write: cnt = 0x00010000, addr = 0x00040000, *addr = 0xfffeffff
Write: cnt = 0x00008000, addr = 0x00020000, *addr = 0xffff7fff
Write: cnt = 0x00004000, addr = 0x00010000, *addr = 0xffffbfff
Write: cnt = 0x00002000, addr = 0x00008000, *addr = 0xffffdfff
Write: cnt = 0x00001000, addr = 0x00004000, *addr = 0xffffefff
Write: cnt = 0x00000800, addr = 0x00002000, *addr = 0xfffff7ff
Write: cnt = 0x00000400, addr = 0x00001000, *addr = 0xfffffbff
Write: cnt = 0x00000200, addr = 0x00000800, *addr = 0xfffffdff
Write: cnt = 0x00000100, addr = 0x00000400, *addr = 0xfffffeff
Write: cnt = 0x00000080, addr = 0x00000200, *addr = 0xffffff7f
Write: cnt = 0x00000040, addr = 0x00000100, *addr = 0xffffffbf
Write: cnt = 0x00000020, addr = 0x00000080, *addr = 0xffffffdf
Write: cnt = 0x00000010, addr = 0x00000040, *addr = 0xffffffef
Write: cnt = 0x00000008, addr = 0x00000020, *addr = 0xfffffff7
Write: cnt = 0x00000004, addr = 0x00000010, *addr = 0xfffffffb
Write: cnt = 0x00000002, addr = 0x00000008, *addr = 0xfffffffd
Write: cnt = 0x00000001, addr = 0x00000004, *addr = 0xfffffffe
Read: cnt = 0x00000001, addr = 0x00000004, val = 0xfffffffe
Read: cnt = 0x00000002, addr = 0x00000008, val = 0xfffffffd
Read: cnt = 0x00000004, addr = 0x00000010, val = 0xfffffffb
Read: cnt = 0x00000008, addr = 0x00000020, val = 0xfffffff7
Read: cnt = 0x00000010, addr = 0x00000040, val = 0xffffffef
Read: cnt = 0x00000020, addr = 0x00000080, val = 0xffffffdf
Read: cnt = 0x00000040, addr = 0x00000100, val = 0xffffffbf
Read: cnt = 0x00000080, addr = 0x00000200, val = 0xffffff7f
Read: cnt = 0x00000100, addr = 0x00000400, val = 0xfffffeff
Read: cnt = 0x00000200, addr = 0x00000800, val = 0xfffffdff
Read: cnt = 0x00000400, addr = 0x00001000, val = 0xfffffbff
Read: cnt = 0x00000800, addr = 0x00002000, val = 0xfffff7ff
Read: cnt = 0x00001000, addr = 0x00004000, val = 0xffffefff
Read: cnt = 0x00002000, addr = 0x00008000, val = 0xffffdfff
Read: cnt = 0x00004000, addr = 0x00010000, val = 0xffffbfff
Read: cnt = 0x00008000, addr = 0x00020000, val = 0xffff7fff
Read: cnt = 0x00010000, addr = 0x00040000, val = 0xfffeffff
Read: cnt = 0x00020000, addr = 0x00080000, val = 0xfffdffff
Read: cnt = 0x00040000, addr = 0x00100000, val = 0xfffbffff
Read: cnt = 0x00080000, addr = 0x00200000, val = 0xfff7ffff
Read: cnt = 0x00100000, addr = 0x00400000, val = 0xffefffff
Read: cnt = 0x00200000, addr = 0x00800000, val = 0xffdfffff
Read: cnt = 0x00400000, addr = 0x01000000, val = 0xffbfffff
Read: cnt = 0x00800000, addr = 0x02000000, val = 0xff7fffff
Read: cnt = 0x01000000, addr = 0x04000000, val = 0xfeffffff
Read: cnt = 0x02000000, addr = 0x08000000, val = 0xfdffffff
Read: cnt = 0x04000000, addr = 0x10000000, val = 0xfbffffff
Read: cnt = 0x08000000, addr = 0x20000000, val = 0x00000000
size = 0x20000000
---1 sys_sdram_size = 0x20000000
--- dram_init: sys_sdram_size = 512 MB

---3 gd->ram_size = 0x1f000000
Memory: ECC disabled
DRAM:  496 MiB
NAND:  256 MiB
MMC:   zynq_sdhci: 0
*** Warning - bad CRC, using default environment

In:    serial
Out:   serial
Err:   serial
~~~1 gd->ram_size = 0x1f000000
~~~ board_late_init: ddr_size_type = 1

--- gpio value = 0x000cc0ff
--- mount angstrom file system
bootargs: noinitrd mem=496M console=ttyPS0,115200 root=ubi0:rootfs ubi.mtd=1 rootfstype=ubifs rw rootwait
--- upgrade marker upgrade_buf[0] = 0xff ---
--- upgrade marker upgrade_buf[1] = 0xff ---
--- upgrade marker upgrade_buf[2] = 0xff ---
--- upgrade marker upgrade_buf[3] = 0xff ---
--- upgrade marker upgrade_buf[4] = 0xff ---
--- upgrade marker upgrade_buf[5] = 0xff ---
--- upgrade marker upgrade_buf[6] = 0xff ---
--- upgrade marker upgrade_buf[7] = 0xff ---
--- upgrade marker upgrade_buf[8] = 0xff ---
--- upgrade marker upgrade_buf[9] = 0xff ---
--- upgrade marker upgrade_buf[10] = 0xff ---
--- upgrade marker upgrade_buf[11] = 0xff ---
--- upgrade marker upgrade_buf[12] = 0xff ---
--- upgrade marker upgrade_buf[13] = 0xff ---
--- upgrade marker upgrade_buf[14] = 0xff ---
--- upgrade marker upgrade_buf[15] = 0xff ---
bootargs: noinitrd mem=496M console=ttyPS0,115200 root=ubi0:rootfs ubi.mtd=1 rootfstype=ubifs rw rootwait
Net:   Gem.e000b000
Hit any key to stop autoboot:  0
Copying Linux from NAND flash to RAM...

NAND read: device 0 offset 0x1100000, size 0x800000
 8388608 bytes read: OK

NAND read: device 0 offset 0x1020000, size 0x20000
 131072 bytes read: OK
## Booting kernel from Legacy Image at 02000000 ...
   Image Name:   Linux-3.14.0-xilinx-gb190cb0-dir
   Image Type:   ARM Linux Kernel Image (uncompressed)
   Data Size:    3779264 Bytes = 3.6 MiB
   Load Address: 00008000
   Entry Point:  00008000
   Verifying Checksum ... OK
## Flattened Device Tree blob at 03000000
   Booting using the fdt blob at 0x3000000
   Loading Kernel Image ... OK
   Loading Device Tree to 1eb39000, end 1eb3dd0f ... OK

Starting kernel ...

Uncompressing Linux... done, booting the kernel.
[    0.000000] Booting Linux on physical CPU 0x0
[    0.000000] Linux version 3.14.0-xilinx-gb190cb0-dirty (lzq@armdev2) (gcc version 4.8.3 20140320 (prerelease) (Sourcery CodeBench Lite 2014.05-23) ) #57 SMP PREEMPT Fri Dec 9 14:49:22 CST 2016
[    0.000000] CPU: ARMv7 Processor [413fc090] revision 0 (ARMv7), cr=18c5387d
[    0.000000] CPU: PIPT / VIPT nonaliasing data cache, VIPT aliasing instruction cache
[    0.000000] Machine model: Xilinx Zynq
[    0.000000] cma: CMA: reserved 128 MiB at 16800000
[    0.000000] Memory policy: Data cache writealloc
[    0.000000] PERCPU: Embedded 8 pages/cpu @debc1000 s9088 r8192 d15488 u32768
[    0.000000] Built 1 zonelists in Zone order, mobility grouping on.  Total pages: 125984
[    0.000000] Kernel command line: noinitrd mem=496M console=ttyPS0,115200 root=ubi0:rootfs ubi.mtd=1 rootfstype=ubifs rw rootwait
[    0.000000] PID hash table entries: 2048 (order: 1, 8192 bytes)
[    0.000000] Dentry cache hash table entries: 65536 (order: 6, 262144 bytes)
[    0.000000] Inode-cache hash table entries: 32768 (order: 5, 131072 bytes)
[    0.000000] Memory: 364356K/507904K available (5032K kernel code, 283K rwdata, 1916K rodata, 204K init, 258K bss, 143548K reserved, 0K highmem)
[    0.000000] Virtual kernel memory layout:
[    0.000000]     vector  : 0xffff0000 - 0xffff1000   (   4 kB)
[    0.000000]     fixmap  : 0xfff00000 - 0xfffe0000   ( 896 kB)
[    0.000000]     vmalloc : 0xdf800000 - 0xff000000   ( 504 MB)
[    0.000000]     lowmem  : 0xc0000000 - 0xdf000000   ( 496 MB)
[    0.000000]     pkmap   : 0xbfe00000 - 0xc0000000   (   2 MB)
[    0.000000]     modules : 0xbf000000 - 0xbfe00000   (  14 MB)
[    0.000000]       .text : 0xc0008000 - 0xc06d1374   (6949 kB)
[    0.000000]       .init : 0xc06d2000 - 0xc0705380   ( 205 kB)
[    0.000000]       .data : 0xc0706000 - 0xc074cf78   ( 284 kB)
[    0.000000]        .bss : 0xc074cf84 - 0xc078d9fc   ( 259 kB)
[    0.000000] Preemptible hierarchical RCU implementation.
[    0.000000]  Dump stacks of tasks blocking RCU-preempt GP.
[    0.000000]  RCU restricting CPUs from NR_CPUS=4 to nr_cpu_ids=2.
[    0.000000] RCU: Adjusting geometry for rcu_fanout_leaf=16, nr_cpu_ids=2
[    0.000000] NR_IRQS:16 nr_irqs:16 16
[    0.000000] ps7-slcr mapped to df802000
[    0.000000] zynq_clock_init: clkc starts at df802100
[    0.000000] Zynq clock init
[    0.000014] sched_clock: 64 bits at 333MHz, resolution 3ns, wraps every 3298534883328ns
[    0.000288] ps7-ttc #0 at df804000, irq=43
[    0.000582] Console: colour dummy device 80x30
[    0.000610] Calibrating delay loop... 1325.46 BogoMIPS (lpj=6627328)
[    0.040195] pid_max: default: 32768 minimum: 301
[    0.040402] Mount-cache hash table entries: 1024 (order: 0, 4096 bytes)
[    0.040422] Mountpoint-cache hash table entries: 1024 (order: 0, 4096 bytes)
[    0.042530] CPU: Testing write buffer coherency: ok
[    0.042838] CPU0: thread -1, cpu 0, socket 0, mpidr 80000000
[    0.042895] Setting up static identity map for 0x4c4af8 - 0x4c4b50
[    0.043110] L310 cache controller enabled
[    0.043129] l2x0: 8 ways, CACHE_ID 0x410000c8, AUX_CTRL 0x72760000, Cache size: 512 kB
[    0.120981] CPU1: Booted secondary processor
[    0.210217] CPU1: thread -1, cpu 1, socket 0, mpidr 80000001
[    0.210345] Brought up 2 CPUs
[    0.210364] SMP: Total of 2 processors activated.
[    0.210372] CPU: All CPU(s) started in SVC mode.
[    0.211035] devtmpfs: initialized
[    0.213426] VFP support v0.3: implementor 41 architecture 3 part 30 variant 9 rev 4
[    0.214602] regulator-dummy: no parameters
[    0.221952] NET: Registered protocol family 16
[    0.224231] DMA: preallocated 256 KiB pool for atomic coherent allocations
[    0.226482] cpuidle: using governor ladder
[    0.226495] cpuidle: using governor menu
[    0.233804] syscon f8000000.ps7-slcr: regmap [mem 0xf8000000-0xf8000fff] registered
[    0.235297] hw-breakpoint: found 5 (+1 reserved) breakpoint and 1 watchpoint registers.
[    0.235310] hw-breakpoint: maximum watchpoint size is 4 bytes.
[    0.235412] zynq-ocm f800c000.ps7-ocmc: ZYNQ OCM pool: 256 KiB @ 0xdf880000
[    0.256987] bio: create slab <bio-0> at 0
[    0.258341] vgaarb: loaded
[    0.259017] SCSI subsystem initialized
[    0.259874] usbcore: registered new interface driver usbfs
[    0.260048] usbcore: registered new interface driver hub
[    0.260481] usbcore: registered new device driver usb
[    0.261000] media: Linux media interface: v0.10
[    0.261811] Linux video capture interface: v2.00
[    0.262080] pps_core: LinuxPPS API ver. 1 registered
[    0.262092] pps_core: Software ver. 5.3.6 - Copyright 2005-2007 Rodolfo Giometti <giometti@linux.it>
[    0.262224] PTP clock support registered
[    0.262574] EDAC MC: Ver: 3.0.0
[    0.263606] Advanced Linux Sound Architecture Driver Initialized.
[    0.266326] DMA-API: preallocated 4096 debug entries
[    0.266339] DMA-API: debugging enabled by kernel config
[    0.266409] Switched to clocksource arm_global_timer
[    0.286056] NET: Registered protocol family 2
[    0.286743] TCP established hash table entries: 4096 (order: 2, 16384 bytes)
[    0.286800] TCP bind hash table entries: 4096 (order: 3, 32768 bytes)
[    0.286885] TCP: Hash tables configured (established 4096 bind 4096)
[    0.286929] TCP: reno registered
[    0.286946] UDP hash table entries: 256 (order: 1, 8192 bytes)
[    0.286978] UDP-Lite hash table entries: 256 (order: 1, 8192 bytes)
[    0.287204] NET: Registered protocol family 1
[    0.287544] RPC: Registered named UNIX socket transport module.
[    0.287557] RPC: Registered udp transport module.
[    0.287565] RPC: Registered tcp transport module.
[    0.287573] RPC: Registered tcp NFSv4.1 backchannel transport module.
[    0.288010] hw perfevents: enabled with ARMv7 Cortex-A9 PMU driver, 7 counters available
[    0.289997] futex hash table entries: 512 (order: 3, 32768 bytes)
[    0.292051] jffs2: version 2.2. (NAND) Â© 2001-2006 Red Hat, Inc.
[    0.292234] msgmni has been set to 967
[    0.292994] io scheduler noop registered
[    0.293007] io scheduler deadline registered
[    0.293048] io scheduler cfq registered (default)
[    0.303844] dma-pl330 f8003000.ps7-dma: Loaded driver for PL330 DMAC-2364208
[    0.303863] dma-pl330 f8003000.ps7-dma:      DBUFF-128x8bytes Num_Chans-8 Num_Peri-4 Num_Events-16
[    0.425703] e0001000.serial: ttyPS0 at MMIO 0xe0001000 (irq = 82, base_baud = 3124999) is a xuartps
[    0.993869] console [ttyPS0] enabled
[    0.998121] xdevcfg f8007000.ps7-dev-cfg: ioremap 0xf8007000 to df866000
[    1.005732] [drm] Initialized drm 1.1.0 20060810
[    1.022663] brd: module loaded
[    1.032018] loop: module loaded
[    1.041372] e1000e: Intel(R) PRO/1000 Network Driver - 2.3.2-k
[    1.047307] e1000e: Copyright(c) 1999 - 2013 Intel Corporation.
[    1.055053] libphy: XEMACPS mii bus: probed
[    1.059635] ------------- phy_id = 0x3625e62
[    1.064354] xemacps e000b000.ps7-ethernet: pdev->id -1, baseaddr 0xe000b000, irq 54
[    1.072950] ehci_hcd: USB 2.0 'Enhanced' Host Controller (EHCI) Driver
[    1.079600] ehci-pci: EHCI PCI platform driver
[    1.086822] zynq-dr e0002000.ps7-usb: Unable to init USB phy, missing?
[    1.093613] usbcore: registered new interface driver usb-storage
[    1.100466] mousedev: PS/2 mouse device common for all mice
[    1.106581] i2c /dev entries driver
[    1.113430] zynq-edac f8006000.ps7-ddrc: ecc not enabled
[    1.118967] cpufreq_cpu0: failed to get cpu0 regulator: -19
[    1.124827] Xilinx Zynq CpuIdle Driver started
[    1.129705] sdhci: Secure Digital Host Controller Interface driver
[    1.135796] sdhci: Copyright(c) Pierre Ossman
[    1.140159] sdhci-pltfm: SDHCI platform and OF driver helper
[    1.147003] mmc0: no vqmmc regulator found
[    1.151015] mmc0: no vmmc regulator found
[    1.186429] mmc0: SDHCI controller on e0100000.ps7-sdio [e0100000.ps7-sdio] using ADMA
[    1.195095] usbcore: registered new interface driver usbhid
[    1.200603] usbhid: USB HID core driver
[    1.205315] nand: device found, Manufacturer ID: 0x2c, Chip ID: 0xda
[    1.211614] nand: Micron MT29F2G08ABAEAWP
[    1.215577] nand: 256MiB, SLC, page size: 2048, OOB size: 64
[    1.221509] Bad block table found at page 131008, version 0x01
[    1.227732] Bad block table found at page 130944, version 0x01
[    1.233779] 3 ofpart partitions found on MTD device pl353-nand
[    1.239557] Creating 3 MTD partitions on "pl353-nand":
[    1.244649] 0x000000000000-0x000002000000 : "BOOT.bin-env-dts-kernel"
[    1.252666] 0x000002000000-0x00000b000000 : "angstram-rootfs"
[    1.259967] 0x00000b000000-0x000010000000 : "upgrade-rootfs"
[    1.268868] TCP: cubic registered
[    1.272101] NET: Registered protocol family 17
[    1.276804] Registering SWP/SWPB emulation handler
[    1.282681] regulator-dummy: disabling
[    1.286983] UBI: attaching mtd1 to ubi0
[    1.811544] UBI: scanning is finished
[    1.823065] UBI: attached mtd1 (name "angstram-rootfs", size 144 MiB) to ubi0
[    1.830147] UBI: PEB size: 131072 bytes (128 KiB), LEB size: 126976 bytes
[    1.836909] UBI: min./max. I/O unit sizes: 2048/2048, sub-page size 2048
[    1.843574] UBI: VID header offset: 2048 (aligned 2048), data offset: 4096
[    1.850452] UBI: good PEBs: 1152, bad PEBs: 0, corrupted PEBs: 0
[    1.856432] UBI: user volume: 1, internal volumes: 1, max. volumes count: 128
[    1.863540] UBI: max/mean erase counter: 250/152, WL threshold: 4096, image sequence number: 671186829
[    1.872842] UBI: available PEBs: 0, total reserved PEBs: 1152, PEBs reserved for bad PEB handling: 40
[    1.882058] UBI: background thread "ubi_bgt0d" started, PID 1080
[    1.882064] drivers/rtc/hctosys.c: unable to open rtc device (rtc0)
[    1.885912] ALSA device list:
[    1.885916]   No soundcards found.
[    1.902338] UBIFS: background thread "ubifs_bgt0_0" started, PID 1082
[    1.931203] UBIFS: recovery needed
[    2.036525] UBIFS: recovery completed
[    2.040182] UBIFS: mounted UBI device 0, volume 0, name "rootfs"
[    2.046102] UBIFS: LEB size: 126976 bytes (124 KiB), min./max. I/O unit sizes: 2048 bytes/2048 bytes
[    2.055236] UBIFS: FS size: 128626688 bytes (122 MiB, 1013 LEBs), journal size 9023488 bytes (8 MiB, 72 LEBs)
[    2.065120] UBIFS: reserved for root: 0 bytes (0 KiB)
[    2.070160] UBIFS: media format: w4/r0 (latest is w4/r0), UUID B922E417-6482-4CD7-BBBD-FCE1BF9BDB4C, small LPT model
[    2.081206] VFS: Mounted root (ubifs filesystem) on device 0:11.
[    2.088391] devtmpfs: mounted
[    2.091490] Freeing unused kernel memory: 204K (c06d2000 - c0705000)
INIT: version 2.88 booting
Starting Bootlog daemon: bootlogd.
Starting Monitor-ipsig daemon: monitor-ipsig.
[    2.890066] random: dd urandom read with 0 bits of entropy available
Starting initc
cp: can't stat '/etc/minermonitor.conf.factory': No such file or directory
cp: can't stat '/etc/dataformatconfig': No such file or directory
[    3.126423]
[    3.126423] bcm54xx_config_init
2: eth0: <BROADCAST,MULTICAST,UP,LOWER_UP> mtu 1500 qdisc pfifo_fast state UNKNOWN qlen 1000
    link/ether 00:0a:35:00:01:22 brd ff:ff:ff:ff:ff:ff
32:d9:8b:e2:fc:ab
[    3.726423]
[    3.726423] bcm54xx_config_init
Stopping ntpd: start-stop-daemon: warning: killing process 1330: No such process
done
Error resolving pool.ntp.org: No address associated with hostname (-5)
 1 Jan 03:00:23 ntpdate[1208]: Can't find host pool.ntp.org: No address associated with hostname (-5)
 1 Jan 03:00:23 ntpdate[1208]: no servers can be used, exiting
Starting ntpd: done
Starting Dropbear SSH server: dropbear.
Starting ntpd: /usr/bin/ntpd is already running
done
Starting Avahi Daemon: Process 1230 died: No such process; trying to remove PID file. (/var/run/avahi-daemon//pid)
avahi-daemon.
Fri Dec  9 16:49:00 UTC 2022
Starting Lighttpd Web Server: xb.
Starting bmminer daemon: 192.168.1.1 is reachable
No bitmain_axi.ko
[   30.225340] In axi fpga driver!
[   30.228437] request_mem_region OK!
[   30.231799] AXI fpga dev virtual address is 0xdf9fc000
[   30.236927] *base_vir_addr = 0xc51a
memory_size = 495632
fpga_mem_offset_addr=0x1F000000
[   30.246591] In fpga mem driver!
[   30.251914] request_mem_region OK!
[   30.255476] fpga mem virtual address is 0xe2000000
killall: bmminer: no process killed
bmminer.
Starting Monitor-recobtn daemon: monitor-recobtn.
INIT: Entering runlevel: 5
 [1970-01-01 03:00:30.325] Miner compile time: Mon May  4 07:49:19 CST 2020 type: Antminer S9 (vnish 3.8.6)
 [1970-01-01 03:00:30.326] Started cgminer 4.11.1
 [1970-01-01 03:00:30.326] Loaded configuration file /config/bmminer.conf       
 [1970-01-01 03:00:30.326] Pool checking..
Stopping Bootlog daemon: bootlogd.
rm: can't remove '/config/temp_sensor': No such file or directory

.---O---.
|       |                  .-.           o o
|   |   |-----.-----.-----.| |   .----..-----.-----.
|       |     | __  |  ---'| '--.|  .-'|     |     |
|   |   |  |  |     |---  ||  --'|  |  |  '  | | | |
'---'---'--'--'--.  |-----''----''--'  '-----'-'-'-'
                -'  |
                '---'

The Angstrom Distribution XXXXX /dev/ttyPS0

Angstrom v2013.12 - Kernel 3.14.0-xilinx-gb190cb0-dirty

XXXXX login:
